main.c:89:5:main	32	static
main.c:221:6:SystemClock_Config	88	static
main.c:265:13:MX_CRC_Init	8	static
main.c:291:13:MX_USART2_UART_Init	8	static
main.c:324:13:MX_USART3_UART_Init	8	static
main.c:357:13:MX_GPIO_Init	48	static
main.c:387:6:printmsg	96	static
main.c:400:10:crcCalculation	24	static
main.c:423:9:word_to_bytes	16	static
main.c:428:10:bytes_to_word	16	static
main.c:432:9:execute_mem_write	40	static
main.c:449:9:execute_flash_erase	48	static
main.c:494:10:calculateAuthenticationKEY	24	static
main.c:500:9:bootloader_verify_crc	40	static
main.c:520:6:userApplication	24	static,ignoring_inline_asm
main.c:555:6:Error_Handler	4	static
